// Jest Snapshot v1, https://goo.gl/fbAQLP

exports[`getGuests Saga should dispatch the guestsLoaded action if it requests the data successfully 1`] = `
Object {
  "@@redux-saga/IO": true,
  "combinator": false,
  "payload": Object {
    "args": Array [],
    "context": null,
    "fn": [Function],
  },
  "type": "CALL",
}
`;

exports[`getGuests Saga should dispatch the response error 1`] = `
Object {
  "@@redux-saga/IO": true,
  "combinator": false,
  "payload": Object {
    "args": Array [],
    "context": null,
    "fn": [Function],
  },
  "type": "CALL",
}
`;

exports[`getGuests Saga should dispatch the response error 2`] = `
Object {
  "@@redux-saga/IO": true,
  "combinator": false,
  "payload": Object {
    "action": Object {
      "payload": Array [
        23,
        45,
        155,
        374,
        22,
        99,
        100,
        101,
        115,
        209,
      ],
      "type": "occupancy/guestsLoaded",
    },
    "channel": undefined,
  },
  "type": "PUT",
}
`;
